проверка работи репозитория